// Jest Snapshot v1, https://goo.gl/fbAQLP

exports[`LandingPage Component should match the snapshot 1`] = `
<LandingPage
  classes={
    Object {
      "checkMark": "LandingPage-checkMark-4",
      "container": "LandingPage-container-1",
      "responsiveGrid": "LandingPage-responsiveGrid-2",
      "svg": "LandingPage-svg-3",
    }
  }
/>
`;
