// Jest Snapshot v1, https://goo.gl/fbAQLP

exports[`QuestionsEditPage Component should match the snapshot 1`] = `
<ForwardRef(WithStyles)
  maxWidth="lg"
>
  <ForwardRef(WithStyles) />
  <h1>
    Todo: This page should look like QuestionEditPage component
  </h1>
</ForwardRef(WithStyles)>
`;
