// Jest Snapshot v1, https://goo.gl/fbAQLP

exports[`QuestionPage Component should match the snapshot 1`] = `
<React.Suspense
  fallback={
    <ForwardRef(WithStyles)
      color="primary"
      isLoading={true}
    />
  }
>
  <UNDEFINED
    isActive={false}
  />
  <ForwardRef(WithStyles)
    isCard={false}
  />
  <section
    className="makeStyles-section-6"
  >
    <UNDEFINED
      handleOnChange={[Function]}
      isConsole={false}
      isEditMode={false}
      isHintTypist={false}
      isMobile={false}
      md={6}
      noInline={false}
      sm={6}
      title="Code Editor"
    />
  </section>
  <UNDEFINED
    classes={
      Object {
        "buttonArea": "makeStyles-buttonArea-5",
        "fixedIcon": "makeStyles-fixedIcon-4",
        "grey": "makeStyles-grey-2",
        "lightGrey": "makeStyles-lightGrey-3",
        "section": "makeStyles-section-6",
        "textAlignRight": "makeStyles-textAlignRight-1",
      }
    }
    setIsConsole={[Function]}
    setIsHintTypist={[Function]}
    triggerQuestion={[Function]}
  />
  <ForwardRef(WithStyles)
    snackbarProps={
      Object {
        "isActive": false,
      }
    }
  />
</React.Suspense>
`;
