// Jest Snapshot v1, https://goo.gl/fbAQLP

exports[`SignInForm Component should match the snapshot 1`] = `
<ForwardRef(WithStyles)
  maxWidth="lg"
>
  <ForwardRef(WithStyles) />
  <ForwardRef(WithStyles)
    isLoading={false}
    title="Welcome Back ðŸ¤©"
  >
    <ForwardRef(WithStyles)
      container={true}
      spacing={3}
    >
      <React.Fragment>
        <ForwardRef(WithStyles)
          item={true}
          md={6}
          sm={6}
          style={
            Object {
              "width": "100%",
            }
          }
        >
          <ForwardRef(WithStyles) />
        </ForwardRef(WithStyles)>
        <ForwardRef(WithStyles)
          item={true}
          md={6}
          sm={6}
        >
          <withRouter() />
        </ForwardRef(WithStyles)>
      </React.Fragment>
    </ForwardRef(WithStyles)>
  </ForwardRef(WithStyles)>
</ForwardRef(WithStyles)>
`;
