// Jest Snapshot v1, https://goo.gl/fbAQLP

exports[`CoursesViewPage Component should match the snapshot 1`] = `null`;
