// Jest Snapshot v1, https://goo.gl/fbAQLP

exports[`QuestionForm Component should match the snapshot 1`] = `
<Context.Consumer>
  [Function]
</Context.Consumer>
`;
