// Jest Snapshot v1, https://goo.gl/fbAQLP

exports[`CoursesPage Component should match the snapshot 1`] = `
<ForwardRef(WithStyles)
  maxWidth="lg"
>
  <ForwardRef(WithStyles) />
  <ForwardRef(WithStyles)>
    <ForwardRef(WithStyles)
      alignItems="center"
      container={true}
      spacing={4}
    >
      <UNDEFINED />
    </ForwardRef(WithStyles)>
    <ForwardRef(WithStyles) />
  </ForwardRef(WithStyles)>
</ForwardRef(WithStyles)>
`;
