// Jest Snapshot v1, https://goo.gl/fbAQLP

exports[`CodeEditor Component should match the snapshot 1`] = `
<ForwardRef(WithStyles)
  color="primary"
  isLoading={true}
/>
`;
