// Jest Snapshot v1, https://goo.gl/fbAQLP

exports[`MoPage Component should match the snapshot 1`] = `
<MoPage
  classes={
    Object {
      "section": "MoPage-section-1",
      "textAlignRight": "MoPage-textAlignRight-2",
    }
  }
/>
`;
