// Jest Snapshot v1, https://goo.gl/fbAQLP

exports[`QuestionsPage Component should match the snapshot 1`] = `
<ForwardRef(WithStyles)>
  <ForwardRef(WithStyles)
    container={true}
    spacing={4}
  >
    <ForwardRef(WithStyles)
      item={true}
      lg={12}
      md={12}
      sm={12}
      xs={12}
    >
      <MoPointsGroup
        progress="0% Complete"
      />
    </ForwardRef(WithStyles)>
    <UNDEFINED />
  </ForwardRef(WithStyles)>
  <ForwardRef(WithStyles) />
</ForwardRef(WithStyles)>
`;
